---
source: crates/flotilla-core/src/hop_chain/tests.rs
expression: "&resolved"
---
ResolvedPlan(
    [
        SendKeys {
            hop: "remote host 'feta'",
            steps: [
                Type {
                    text: "cd '/home/alice/dev/my-repo/wt-feat' && exec cleat attach feat__shell__0 --cwd '/home/alice/dev/my-repo/wt-feat'",
                },
                WaitForReady,
            ],
        },
        Command(
            [
                Literal(
                    "ssh",
                ),
                Literal(
                    "-t",
                ),
                Quoted(
                    "alice@feta.local",
                ),
            ],
        ),
    ],
)
