---
source: crates/flotilla-core/src/hop_chain/tests.rs
expression: "&flattened"
---
[
    "SendKeys(remote host 'feta'): [Type { text: \"cd '/home/alice/dev/my-repo/wt-feat' && exec cleat attach feat__shell__0 --cwd '/home/alice/dev/my-repo/wt-feat'\" }, WaitForReady]",
    "Command: ssh -t 'alice@feta.local'",
]
