---
source: crates/flotilla-tui/tests/snapshots.rs
assertion_line: 53
expression: output
---
 ⚓  flotilla  | my-project | [+]
┌─────────────────────────────────────────────────────────────────── ⚙ ┐┌ Preview ─────────────────────────────────────┐
│      Path        Description Branch      WT  WS  PR   SS   Issu Git  ││Description: checkout feat-login              │
│      ── Checkouts ──                                                 ││Branch: feat-login                            │
│▸  ○      feat-lo checkout fe feat-login  ✓                           ││Path: /test/my-project/feat-login             │
│      ── Sessions ──                                                  ││                                              │
│   ◆              session s1  feat/sessio              ◆              ││                                              │
│      ── Pull Requests ──                                             ││                                              │
│   ⊙              Add login p feat-login          #42                 ││                                              │
│      ── Issues ──                                                    ││                                              │
│   ◇              Users need  —                             #10       ││                                              │
│                                                                      ││                                              │
│                                                                      ││                                              │
│                                                                      ││                                              │
│                                                                      ││                                              │
│                                                                      ││                                              │
│                                                                      ││                                              │
│                                                                      ││                                              │
│                                                                      ││                                              │
│                                                                      ││                                              │
│                                                                      ││                                              │
│                                                                      ││                                              │
│                                                                      ││                                              │
│                                                                      ││                                              │
│                                                                      ││                                              │
│                                                                      ││                                              │
│                                                                      ││                                              │
│                                                                      ││                                              │
└──────────────────────────────────────────────────────────────────────┘└──────────────────────────────────────────────┘
 enter:open  d:remove worktree  .:menu  /:search  n:new  r:refresh  space:select  ?:help  q:quit
