---
source: crates/flotilla-tui/tests/snapshots.rs
assertion_line: 298
expression: output
---
 ⚓  flotilla  | my-project | [+]
┌─────────────────────────────────────────────────────────────────── ⚙ ┐┌ Preview ─────────────────────────────────────┐
│      Path        Description Branch      WT  WS  PR   SS   Issu Git  ││Description: Feature branch checkout          │
│      ── Checkouts ──                                                 ││Branch: feat-xyz                              │
│▸  ○        feat- Feature bra feat-xyz    ✓                           ││                                              │
│                                                                      ││                                              │
│                                                                      ││                                              │
│                                                                      ││                                              │
│                                                                      ││                                              │
│                                                                      ││                                              │
│                                                                      ││                                              │
│                                                                      ││                                              │
│                                                                      ││                                              │
│                                                                      ││                                              │
│                                                                      │└──────────────────────────────────────────────┘
│                                                                      │┌ Debug (D to toggle) ─────────────────────────┐
│                                                                      ││Group #12                                     │
│                                                                      ││branch: feat-xyz                              │
│                                                                      ││checkout: /test/my-project/feat-xyz           │
│                                                                      ││                                              │
│                                                                      ││                                              │
│                                                                      ││                                              │
│                                                                      ││                                              │
│                                                                      ││                                              │
│                                                                      ││                                              │
│                                                                      ││                                              │
│                                                                      ││                                              │
│                                                                      ││                                              │
└──────────────────────────────────────────────────────────────────────┘└──────────────────────────────────────────────┘
 enter:open  d:remove worktree  .:menu  /:search  n:new  r:refresh  space:select  ?:help  q:quit
