---
source: crates/flotilla-tui/tests/snapshots.rs
expression: output
---
 ⚓  flotilla  |  🚢  convoys  | my-project ×  | [+]
                                                                    ⚙   ┌ Preview ─────────────────────────────────────┐
                                                                        │                                              │
                                                                        │                                              │
                                                                        │                                              │
                                                                        │                                              │
                                                                        │                                              │
                                                                        │                                              │
                                                                        │                                              │
                                                                        │                                              │
                                                                        │                                              │
                                                                        │                                              │
                                                                        │                                              │
                                                                        │                                              │
                                                                        │                                              │
                                                                        │                                              │
                                                                        │                                              │
                                                                        │                                              │
                                                                        │                                              │
                                                                        │                                              │
                                                                        │                                              │
                                                                        │                                              │
                                                                        │                                              │
                                                                        │                                              │
                                                                        │                                              │
                                                                        │                                              │
                                                                        │                                              │
                                                                        │                                              │
                                                                        └──────────────────────────────────────────────┘
FIND auth timeout            <ENT> APPLY  <ESC> CANCEL 
