---
source: crates/flotilla-tui/src/widgets/table.rs
expression: terminal.backend()
---
"┌ Convoys · dev ───────────────────────────────────────────────────────────────────────────────────────────────────────┐"
"│convoys/dev                                                                                                           │"
"│CONVOY                WORKFLOW       PHASE        PR               VESSELS PROJECT / REPO   MESSAGE                   │"
"│tables                implement-revi initializing                      0/2 flotilla         waiting for workflow stat │"
"│release               implement-revi active       #815 open            1/3 flotilla         review is running         │"
"│docs                  implement-revi completed    #812 merged          2/2 flotilla                                   │"
"│deploy                implement-revi failed                            1/2 flotilla         workspace launch failed   │"
"│                                                                                                                      │"
"│                                                                                                                      │"
"│                                                                                                                      │"
"│                                                                                                                      │"
"└──────────────────────────────────────────────────────────────────────────────────────────────────────────────────────┘"
