error: invoke Git through the checkout-scoped Vcs trait instead of a raw command
  --> $DIR/main.rs:25:5
   |
LL |     runner.run("git", &[]);
   |     ^^^^^^^^^^^^^^^^^^^^^^
   |
   = note: `#[deny(raw_git_outside_vcs)]` on by default

error: invoke Git through the checkout-scoped Vcs trait instead of a raw command
  --> $DIR/main.rs:26:5
   |
LL |     runner.run_output("git", &[]);
   |     ^^^^^^^^^^^^^^^^^^^^^^^^^^^^^

error: invoke Git through the checkout-scoped Vcs trait instead of a raw command
  --> $DIR/main.rs:27:5
   |
LL |     runner.run_with_input("git", &[], "");
   |     ^^^^^^^^^^^^^^^^^^^^^^^^^^^^^^^^^^^^^

error: invoke Git through the checkout-scoped Vcs trait instead of a raw command
  --> $DIR/main.rs:28:5
   |
LL |     run!(runner, "git", &[]);
   |     ^^^^^^^^^^^^^^^^^^^^^^^^

error: invoke Git through the checkout-scoped Vcs trait instead of a raw command
  --> $DIR/main.rs:29:5
   |
LL |     run_output!(runner, "git", &[]);
   |     ^^^^^^^^^^^^^^^^^^^^^^^^^^^^^^^

error: invoke Git through the checkout-scoped Vcs trait instead of a raw command
  --> $DIR/main.rs:30:13
   |
LL |     let _ = Command::new("git");
   |             ^^^^^^^^^^^^^^^^^^^

error: invoke Git through the checkout-scoped Vcs trait instead of a raw command
  --> $DIR/main.rs:31:13
   |
LL |     let _ = std::process::Command::new(/* still Git */ "git");
   |             ^^^^^^^^^^^^^^^^^^^^^^^^^^^^^^^^^^^^^^^^^^^^^^^^^

error: invoke Git through the checkout-scoped Vcs trait instead of a raw command
  --> $DIR/main.rs:32:13
   |
LL |     let _ = Launcher::new("git");
   |             ^^^^^^^^^^^^^^^^^^^^

error: aborting due to 8 previous errors

